Runware SDK loaded successfully
Testing Runware service directly...

Initializing Runware SDK...
API Key: GjlXf7wXg8...
Γ£à Runware SDK connected successfully
≡ƒÄ¿ Generating image with Runware...
   Prompt: "A cute cat..."
   Size: 512x512, Steps: 30
   Request params: {
  "positivePrompt": "A cute cat",
  "model": "runware:101@1",
  "width": 512,
  "height": 512,
  "numberResults": 1,
  "includeCost": true,
  "steps": 30,
  "CFGScale": 7.5
}
node : Γ¥î Runware 
generation error (full 
object): {
At line:1 char:1
+ node 
test-service-direct.js 2>&1 
| Out-File -Encoding utf8 
test-outpu ...
+ ~~~~~~~~~~~~~~~~~~~~~~~~~~~
~~~~~
    + CategoryInfo           
   : NotSpecified: (Γ¥î Run  
  ware gen...full object):   
  {:String) [], RemoteExc    
eption
    + FullyQualifiedErrorId  
   : NativeCommandError
 
  error: {
    code: 
'insufficientCredits',
    message: 'Insufficient 
credits, please add your 
credit card and top-up your 
balance at https://my.runware
.ai/wallet',
    taskType: 
'imageInference',
    taskUUID: '53da5fe4-2844-
45b1-b2aa-add45eb46490'
  }
}
   Error type: object
   Error message: undefined
   Error string: [object 
Object]
   Error keys: [ 'error' ]

Γ¥î Error caught:
Type: object
Constructor: Error
Message: Image generation 
failed: [object Object]
Keys: []
Full error: Error: Image 
generation failed: [object 
Object]
    at 
RunwareService.generateImage 
(C:\Users\user\Downloads\proj
ects\Ai poward photoshop\ai p
hotoshop\server\services\runw
are.js:143:13)
    at async C:\Users\user\Do
wnloads\projects\Ai poward 
photoshop\ai photoshop\test-s
ervice-direct.js:9:20
